[www.magazineluiza.com.br/geladeira-brastemp-frost-free-duplex-375l-branca-com-com-compartimento-extrafrio-fresh-zone-brm44hb/p/013085501/ed/ref2/index.html]
[wx.mlcdn.com.br/site/shared/favicon/favicon-96x96.png]
[wx.mlcdn.com.br/site/shared/favicon/favicon-72x72.png]
[wx.mlcdn.com.br/site/shared/favicon/favicon-16x16.png]
[backblue.gif]
[fade.gif]
[index.html]
[wx.mlcdn.com.br/site/shared/favicon/favicon-57x57.png]
[www.datadoghq-browser-agent.com/us5/v5/datadog-rum.js]
[wx.mlcdn.com.br/site/shared/stewie/stewie-3.1.0.min.js]
[review-produtos-storage-prd.magalu.com/review/Magalu-Mktplace/magazineluiza/013085501/image/thumbnails/6748a9dcc301f46873308ccc.jpeg]
[pixel.byspotify.com/ping.min.js]
[i.btg360.com.br/btg360-2.0.1.min.js]
[analytics.tiktok.com/i18n/pixel/events.js]
[static.criteo.net/js/ld/ld.js]
[a-static.mlcdn.com.br/800x560/geladeira-brastemp-frost-free-duplex-375l-branca-com-com-compartimento-extrafrio-fresh-zone-brm44hb/magazineluiza/013085501/bb29edd5ceef484b6b327ea331f3ad57.jpg]
[www.magazineluiza.com.br/mixer/_next/static/chunks/polyfills-c67a75d1b6f99dc8.js]
[cdn.perfdrive.com/aperture/aperture.js]
[tags.creativecdn.com/msWukR4UlwKQouZSY8IT.js]
[www.magazineluiza.com.br/mixer/_next/static/chunks/webpack-4b54664ee5dd7a3d.js]
[www.magazineluiza.com.br/mixer/_next/static/chunks/framework-a78051e383c5165f.js]
[www.magazineluiza.com.br/mixer/_next/static/chunks/main-babd0d31cb19eb15.js]
[www.magazineluiza.com.br/mixer/_next/static/chunks/pages/_app-ca6370fb93e87a6e.js]
[www.magazineluiza.com.br/mixer/_next/static/chunks/2edb282b-5e499321bfa6e8ba.js]
[www.magazineluiza.com.br/mixer/_next/static/chunks/e893f787-2ae0bfd75891c79c.js]
[www.magazineluiza.com.br/mixer/_next/static/chunks/a29ae703-9a08e63f5716e71a.js]
[www.magazineluiza.com.br/mixer/_next/static/chunks/651-ea9638c83be249fa.js]
[www.magazineluiza.com.br/mixer/_next/static/chunks/5040-9075bc2ed8460701.js]
[www.magazineluiza.com.br/mixer/_next/static/chunks/3789-a551db0fc17e8054.js]
[www.magazineluiza.com.br/mixer/_next/static/chunks/8035-498e03d8d2b90a2d.js]
[www.magazineluiza.com.br/mixer/_next/static/chunks/6473-2af91431c8c028b0.js]
[www.magazineluiza.com.br/mixer/_next/static/chunks/7126-35ec6b119deab79f.js]
[www.magazineluiza.com.br/mixer/_next/static/chunks/9615-71e68b3a26574f5b.js]
[www.magazineluiza.com.br/mixer/_next/static/chunks/8649-174a8ff8d35cdc5b.js]
[www.magazineluiza.com.br/mixer/_next/static/chunks/1782-48647af971e4d51a.js]
[www.magazineluiza.com.br/mixer/_next/static/chunks/4490-ac1b4e5019073d12.js]
[www.magazineluiza.com.br/mixer/_next/static/chunks/5449-89cd956d52e663c1.js]
[www.magazineluiza.com.br/mixer/_next/static/chunks/7833-5822ee6108c5ff44.js]
[www.magazineluiza.com.br/mixer/_next/static/chunks/8621-af006e2a786f3642.js]
[www.magazineluiza.com.br/mixer/_next/static/chunks/5498-58b7d56285206b46.js]
[www.magazineluiza.com.br/mixer/_next/static/chunks/6515-ba0e8668bdef01a9.js]
[www.magazineluiza.com.br/mixer/_next/static/chunks/341-447e297c90b5e8df.js]
[www.magazineluiza.com.br/mixer/_next/static/chunks/2553-48e0398b9d2abcff.js]
[www.magazineluiza.com.br/mixer/_next/static/chunks/3531-df5a8d0f4143b1a7.js]
[www.magazineluiza.com.br/mixer/_next/static/chunks/9344-9217800d62670f4b.js]
[www.magazineluiza.com.br/mixer/_next/static/chunks/6702-68acb8381a6845a4.js]
[www.magazineluiza.com.br/mixer/_next/static/chunks/6351-98d82652a54f43fd.js]
[www.magazineluiza.com.br/mixer/_next/static/chunks/1049-6c010aeb28fb0c89.js]
[www.magazineluiza.com.br/mixer/_next/static/chunks/5328-e0b8a92e4e0158d3.js]
[www.magazineluiza.com.br/mixer/_next/static/chunks/2898-c67390048ee2695e.js]
[www.magazineluiza.com.br/mixer/_next/static/chunks/4449-35b3cd3c0e34b15f.js]
[www.magazineluiza.com.br/mixer/_next/static/chunks/7322-ec1f00eacf548d96.js]
[www.magazineluiza.com.br/mixer/_next/static/chunks/3341-35cf77e52c986f7f.js]
[www.magazineluiza.com.br/mixer/_next/static/chunks/4779-136fb92eab1789f1.js]
[www.magazineluiza.com.br/mixer/_next/static/chunks/434-69b1627084c1501d.js]
[www.magazineluiza.com.br/mixer/_next/static/chunks/6908-ebca17216a22b837.js]
[www.magazineluiza.com.br/mixer/_next/static/chunks/5497-66e141334cf81132.js]
[www.magazineluiza.com.br/mixer/_next/static/chunks/2061-59a81b349fc80bcd.js]
[www.magazineluiza.com.br/mixer/_next/static/chunks/6315-01eda1443b1a9f22.js]
[www.magazineluiza.com.br/mixer/_next/static/chunks/9125-4a00f1d7147dd567.js]
[www.magazineluiza.com.br/mixer/_next/static/chunks/98-73b0c304aeeeef1a.js]
[www.magazineluiza.com.br/geladeira-brastemp-frost-free-duplex-375l-branca-com-com-compartimento-extrafrio-fresh-zone-brm44hb/p/013085501/ed/ref2/index.html]
[www.magazineluiza.com.br/mixer/_next/static/chunks/5692-cf689bae2b74597e.js]
[www.googletagmanager.com/gtm5445.html]
[www.magazineluiza.com.br/mixer/_next/static/chunks/9091-ced475f72652c8d5.js]
[www.magazineluiza.com.br/mixer/_next/static/chunks/598-e368426b22b8d1aa.js]
[www.magazineluiza.com.br/mixer/_next/static/chunks/2911-eb964e11fe4e2243.js]
[www.magazineluiza.com.br/mixer/_next/static/chunks/6861-ed6d962d32b28c3f.js]
[www.magazineluiza.com.br/mixer/_next/static/chunks/9592-6eac295e95718c21.js]
[www.magazineluiza.com.br/mixer/_next/static/chunks/365-8e5dd3e665638f4d.js]
[www.magazineluiza.com.br/mixer/_next/static/chunks/4504-5e3395391129de74.js]
[www.magazineluiza.com.br/mixer/_next/static/chunks/9616-db62da12c1e3a4f3.js]
[www.magazineluiza.com.br/mixer/_next/static/chunks/97-93798d9c4b660bb8.js]
[www.magazineluiza.com.br/mixer/_next/static/chunks/4379-7d026a9ae0989c06.js]
[www.magazineluiza.com.br/mixer/_next/static/chunks/1591-3c7791476333546d.js]
[www.magazineluiza.com.br/mixer/_next/static/chunks/4292-776734b4d276adcb.js]
[www.magazineluiza.com.br/mixer/_next/static/chunks/8354-7ce35b904a40f116.js]
[www.magazineluiza.com.br/mixer/_next/static/chunks/1765-dc348253033e3b87.js]
[www.magazineluiza.com.br/mixer/_next/static/chunks/pages/[path0]/p/[path2]/[path3]/[path4]-3355c56d0ff968c0.js]
[www.magazineluiza.com.br/mixer/_next/static/5V7no2URqw-NdrHk-KFS2/_buildManifest.js]
[www.magazineluiza.com.br/mixer/_next/static/5V7no2URqw-NdrHk-KFS2/_ssgManifest.js]
[review-produtos-storage-prd.magalu.com/review/Magalu-Mktplace/magazineluiza/013085601/image/thumbnails/674455424ddcbbcf7c196437.jpeg]
[review-produtos-storage-prd.magalu.com/review/Magalu-Mktplace/magazineluiza/013085601/image/thumbnails/6744554267ff9a835e005e91.jpeg]
[review-produtos-storage-prd.magalu.com/review/Magalu-Mktplace/magazineluiza/013085601/video/thumbnails/67445551daf3a7552d96c611.jpg]
[review-produtos-storage-prd.magalu.com/review/Magalu-Mktplace/magazineluiza/013085501/image/thumbnails/6741d320daf3a7552d96c4cb.jpeg]
[review-produtos-storage-prd.magalu.com/review/Magalu-Mktplace/magazineluiza/013085601/image/thumbnails/673bb871a1b353f20957397c.jpeg]
[review-produtos-storage-prd.magalu.com/review/Magalu-Mktplace/magazineluiza/013085601/image/thumbnails/672fbceda0d49c83728195ed.jpeg]
[review-produtos-storage-prd.magalu.com/review/Magalu-Mktplace/magazineluiza/013085601/image/thumbnails/672fbcee7bcde0eb379a6b50.jpeg]
[wx.mlcdn.com.br/site/desk/header/lu-bf-2024.png]
[review-produtos-storage-prd.magalu.com/review/Magalu-Mktplace/magazineluiza/013085501/image/thumbnails/672e1f5d44bdcf6612ce7eb0.jpeg]
[wx.mlcdn.com.br/site/shared/lu-content/lu-explains-new.png]
[wx.mlcdn.com.br/ponzi/production/uploads/1_9bde080bc382c7.jpg]
[wx.mlcdn.com.br/ponzi/production/uploads/1_6b2d3ee69d82c7.jpg]
[wx.mlcdn.com.br/ponzi/production/uploads/1_7361cfff0c82c7.jpg]
[wx.mlcdn.com.br/ponzi/production/uploads/1_f806b4e04482c7.jpg]
[review-produtos-storage-prd.magalu.com/review/Magalu-Mktplace/magazineluiza/013085501/image/thumbnails/67293df3e981d9ca36ca0b3f.jpeg]
[review-produtos-storage-prd.magalu.com/review/Magalu-Mktplace/magazineluiza/013085601/image/thumbnails/671962bea2263390d345be1a.jpeg]
[wx.mlcdn.com.br/site/shared/lu-content/lu-explain.png]
[a-static.mlcdn.com.br/90x90/geladeira-brastemp-frost-free-duplex-375l-branca-com-com-compartimento-extrafrio-fresh-zone-brm44hb/magazineluiza/013085501/bb29edd5ceef484b6b327ea331f3ad57.jpg]
[wx.mlcdn.com.br/site/shared/sellers/third-party.png]
[i.mlcdn.com.br/selo-ml/65x50/ff48af16-97c3-11ef-9d17-1ec3e500524d.png]
[a-static.mlcdn.com.br/90x90/geladeira-brastemp-frost-free-duplex-375l-branca-com-com-compartimento-extrafrio-fresh-zone-brm44hb/magazineluiza/013085501/cefe57a9b5749c08f95fc3d61831dc9a.jpg]
[a-static.mlcdn.com.br/90x90/geladeira-brastemp-frost-free-duplex-375l-branca-com-com-compartimento-extrafrio-fresh-zone-brm44hb/magazineluiza/013085501/1147f51713d3c75a2b2808df54190735.jpg]
[wx.mlcdn.com.br/site/desk/footer/consumidor-gov-reduzido.png]
[a-static.mlcdn.com.br/800x800/geladeira-brastemp-frost-free-duplex-375l-branca-com-com-compartimento-extrafrio-fresh-zone-brm44hb/magazineluiza/013085501/cefe57a9b5749c08f95fc3d61831dc9a.jpg]
[a-static.mlcdn.com.br/800x800/geladeira-brastemp-frost-free-duplex-375l-branca-com-com-compartimento-extrafrio-fresh-zone-brm44hb/magazineluiza/013085501/1147f51713d3c75a2b2808df54190735.jpg]
[a-static.mlcdn.com.br/800x800/geladeira-brastemp-frost-free-duplex-375l-branca-com-com-compartimento-extrafrio-fresh-zone-brm44hb/magazineluiza/013085501/db273d75bf5b6f077373f67d8ca101a3.jpg]
[a-static.mlcdn.com.br/800x800/geladeira-brastemp-frost-free-duplex-375l-branca-com-com-compartimento-extrafrio-fresh-zone-brm44hb/magazineluiza/013085501/e1edd7738dc48384e4188dc1a705ada4.jpg]
[a-static.mlcdn.com.br/800x800/geladeira-brastemp-frost-free-duplex-375l-branca-com-com-compartimento-extrafrio-fresh-zone-brm44hb/magazineluiza/013085501/27c269c9afb75fc40261cfd5baa697d2.jpg]
[a-static.mlcdn.com.br/800x800/geladeira-brastemp-frost-free-duplex-375l-branca-com-com-compartimento-extrafrio-fresh-zone-brm44hb/magazineluiza/013085501/c22f63e2002c2ffbe954a7b3569ec96c.jpg]
[a-static.mlcdn.com.br/90x90/geladeira-brastemp-frost-free-duplex-375l-branca-com-com-compartimento-extrafrio-fresh-zone-brm44hb/magazineluiza/013085501/db273d75bf5b6f077373f67d8ca101a3.jpg]
[a-static.mlcdn.com.br/800x800/geladeira-brastemp-frost-free-duplex-375l-branca-com-com-compartimento-extrafrio-fresh-zone-brm44hb/magazineluiza/013085501/af1bd1f258970c6f9993727be35b3576.jpg]
[a-static.mlcdn.com.br/800x800/geladeira-brastemp-frost-free-duplex-375l-branca-com-com-compartimento-extrafrio-fresh-zone-brm44hb/magazineluiza/013085501/e1f5661dcfb2b9186e33fe0f3a39d6f4.jpg]
[a-static.mlcdn.com.br/800x800/geladeira-brastemp-frost-free-duplex-375l-branca-com-com-compartimento-extrafrio-fresh-zone-brm44hb/magazineluiza/013085501/027c908eeaaeb25c1462291c64c542f0.jpg]
[a-static.mlcdn.com.br/800x800/geladeira-brastemp-frost-free-duplex-375l-branca-com-com-compartimento-extrafrio-fresh-zone-brm44hb/magazineluiza/013085501/5ddb3b3b684c6c15b6c53c8566d3d627.jpg]
[a-static.mlcdn.com.br/800x800/geladeira-brastemp-frost-free-duplex-375l-branca-com-com-compartimento-extrafrio-fresh-zone-brm44hb/magazineluiza/013085501/54ba093f8147617daf4f72a7f0091bd5.jpg]
[a-static.mlcdn.com.br/800x800/geladeira-brastemp-frost-free-duplex-375l-branca-com-com-compartimento-extrafrio-fresh-zone-brm44hb/magazineluiza/013085501/fad0bf2b6ac46c5f5ad2b6a7197886b4.jpg]
[a-static.mlcdn.com.br/800x800/geladeira-brastemp-frost-free-duplex-375l-branca-com-com-compartimento-extrafrio-fresh-zone-brm44hb/magazineluiza/013085501/f01a908f3263bba0f63ea2cac1a3853b.jpg]
[a-static.mlcdn.com.br/800x800/geladeira-brastemp-frost-free-duplex-375l-branca-com-com-compartimento-extrafrio-fresh-zone-brm44hb/magazineluiza/013085501/1bc8f26763ef7894158e73c86090f6f8.jpg]
[a-static.mlcdn.com.br/800x800/geladeira-brastemp-frost-free-duplex-375l-branca-com-com-compartimento-extrafrio-fresh-zone-brm44hb/magazineluiza/013085501/4f255d871307843f2096ca71020125e1.jpg]
[a-static.mlcdn.com.br/800x800/geladeira-brastemp-frost-free-duplex-375l-branca-com-com-compartimento-extrafrio-fresh-zone-brm44hb/magazineluiza/013085501/29ebef5c8bfbb53dfe219fc0ca06626a.jpg]
[a-static.mlcdn.com.br/800x800/geladeira-brastemp-frost-free-duplex-375l-branca-com-com-compartimento-extrafrio-fresh-zone-brm44hb/magazineluiza/013085501/94f61cadc8ce9c65994e54db2b46a206.jpg]
[a-static.mlcdn.com.br/800x800/geladeira-brastemp-frost-free-duplex-375l-branca-com-com-compartimento-extrafrio-fresh-zone-brm44hb/magazineluiza/013085501/7a3fda6fb87fab7ad85046e31c154549.jpg]
[a-static.mlcdn.com.br/800x800/geladeira-brastemp-frost-free-duplex-375l-branca-com-com-compartimento-extrafrio-fresh-zone-brm44hb/magazineluiza/013085501/114f8419b8a7f5d11bd2bac4708eb7e9.jpg]
[a-static.mlcdn.com.br/800x800/geladeira-brastemp-frost-free-duplex-375l-branca-com-com-compartimento-extrafrio-fresh-zone-brm44hb/magazineluiza/013085501/a0c92ae9f3ab2028455aa9b59610a552.jpg]
[a-static.mlcdn.com.br/800x800/geladeira-brastemp-frost-free-duplex-375l-branco-com-compartimento-extrafrio-fresh-zone-brm44hb/magazineluiza/013085601/856fe127d34d7931f7b11766c729d44b.jpg]
[a-static.mlcdn.com.br/800x800/geladeira-brastemp-frost-free-duplex-375l-branco-com-compartimento-extrafrio-fresh-zone-brm44hb/magazineluiza/013085601/1147f51713d3c75a2b2808df54190735.jpg]
[a-static.mlcdn.com.br/800x800/geladeira-brastemp-frost-free-duplex-375l-branco-com-compartimento-extrafrio-fresh-zone-brm44hb/magazineluiza/013085601/db273d75bf5b6f077373f67d8ca101a3.jpg]
[a-static.mlcdn.com.br/800x800/geladeira-brastemp-frost-free-duplex-375l-branco-com-compartimento-extrafrio-fresh-zone-brm44hb/magazineluiza/013085601/e1edd7738dc48384e4188dc1a705ada4.jpg]
[a-static.mlcdn.com.br/800x800/geladeira-brastemp-frost-free-duplex-375l-branco-com-compartimento-extrafrio-fresh-zone-brm44hb/magazineluiza/013085601/27c269c9afb75fc40261cfd5baa697d2.jpg]
[a-static.mlcdn.com.br/800x800/geladeira-brastemp-frost-free-duplex-375l-branco-com-compartimento-extrafrio-fresh-zone-brm44hb/magazineluiza/013085601/c22f63e2002c2ffbe954a7b3569ec96c.jpg]
[a-static.mlcdn.com.br/800x800/geladeira-brastemp-frost-free-duplex-375l-branco-com-compartimento-extrafrio-fresh-zone-brm44hb/magazineluiza/013085601/e1f5661dcfb2b9186e33fe0f3a39d6f4.jpg]
[a-static.mlcdn.com.br/800x800/geladeira-brastemp-frost-free-duplex-375l-branco-com-compartimento-extrafrio-fresh-zone-brm44hb/magazineluiza/013085601/af1bd1f258970c6f9993727be35b3576.jpg]
[a-static.mlcdn.com.br/800x800/geladeira-brastemp-frost-free-duplex-375l-branco-com-compartimento-extrafrio-fresh-zone-brm44hb/magazineluiza/013085601/027c908eeaaeb25c1462291c64c542f0.jpg]
[a-static.mlcdn.com.br/800x800/geladeira-brastemp-frost-free-duplex-375l-branco-com-compartimento-extrafrio-fresh-zone-brm44hb/magazineluiza/013085601/5ddb3b3b684c6c15b6c53c8566d3d627.jpg]
[a-static.mlcdn.com.br/800x800/geladeira-brastemp-frost-free-duplex-375l-branco-com-compartimento-extrafrio-fresh-zone-brm44hb/magazineluiza/013085601/54ba093f8147617daf4f72a7f0091bd5.jpg]
[a-static.mlcdn.com.br/800x800/geladeira-brastemp-frost-free-duplex-375l-branco-com-compartimento-extrafrio-fresh-zone-brm44hb/magazineluiza/013085601/fad0bf2b6ac46c5f5ad2b6a7197886b4.jpg]
[a-static.mlcdn.com.br/800x800/geladeira-brastemp-frost-free-duplex-375l-branco-com-compartimento-extrafrio-fresh-zone-brm44hb/magazineluiza/013085601/f01a908f3263bba0f63ea2cac1a3853b.jpg]
[a-static.mlcdn.com.br/800x800/geladeira-brastemp-frost-free-duplex-375l-branco-com-compartimento-extrafrio-fresh-zone-brm44hb/magazineluiza/013085601/1bc8f26763ef7894158e73c86090f6f8.jpg]
[a-static.mlcdn.com.br/800x800/geladeira-brastemp-frost-free-duplex-375l-branco-com-compartimento-extrafrio-fresh-zone-brm44hb/magazineluiza/013085601/4f255d871307843f2096ca71020125e1.jpg]
[a-static.mlcdn.com.br/800x800/geladeira-brastemp-frost-free-duplex-375l-branco-com-compartimento-extrafrio-fresh-zone-brm44hb/magazineluiza/013085601/29ebef5c8bfbb53dfe219fc0ca06626a.jpg]
[a-static.mlcdn.com.br/800x800/geladeira-brastemp-frost-free-duplex-375l-branco-com-compartimento-extrafrio-fresh-zone-brm44hb/magazineluiza/013085601/94f61cadc8ce9c65994e54db2b46a206.jpg]
[a-static.mlcdn.com.br/800x800/geladeira-brastemp-frost-free-duplex-375l-branco-com-compartimento-extrafrio-fresh-zone-brm44hb/magazineluiza/013085601/7a3fda6fb87fab7ad85046e31c154549.jpg]
[a-static.mlcdn.com.br/800x800/geladeira-brastemp-frost-free-duplex-375l-branco-com-compartimento-extrafrio-fresh-zone-brm44hb/magazineluiza/013085601/114f8419b8a7f5d11bd2bac4708eb7e9.jpg]
[selo.compreconfie.com.br/reputation/100515.png]
[a-static.mlcdn.com.br/800x800/geladeira-brastemp-frost-free-duplex-375l-branco-com-compartimento-extrafrio-fresh-zone-brm44hb/magazineluiza/013085601/634f876ef1456108871b299ea5c02ddb.jpg]
[review-produtos-storage-prd.magalu.com/review/Magalu-Mktplace/magazineluiza/013085601/image/processed/674455424ddcbbcf7c196437.jpeg]
[review-produtos-storage-prd.magalu.com/review/Magalu-Mktplace/magazineluiza/013085601/image/processed/672fbceda0d49c83728195ed.jpeg]
