[m.magazineluiza.com.br/geladeira-brastemp-frost-free-duplex-375l-branco-com-compartimento-extrafrio-fresh-zone-brm44hb/p/013085601/ed/ref2/index.html]
[backblue.gif]
[fade.gif]
[index.html]
[site-content.magazineluiza.com.br/static/img/default/favicon-cc4cf323.png]
[a-static.mlcdn.com.br/420x420/geladeira-brastemp-frost-free-duplex-375l-branco-com-compartimento-extrafrio-fresh-zone-brm44hb/magazineluiza/013085601/66431db092bbf49753decee67b4cb591.jpg]
[a-static.mlcdn.com.br/420x420/geladeira-brastemp-frost-free-duplex-375l-branco-com-compartimento-extrafrio-fresh-zone-brm44hb/magazineluiza/013085601/856fe127d34d7931f7b11766c729d44b.jpg]
[wx.mlcdn.com.br/mixer-web/static/v1.67.1/_next/static/chunks/polyfills-42372ed130431b0a.js]
[wx.mlcdn.com.br/mixer-web/static/v1.67.1/_next/static/chunks/webpack-062f7281918de0f7.js]
[a-static.mlcdn.com.br/420x420/geladeira-brastemp-frost-free-duplex-375l-branco-com-compartimento-extrafrio-fresh-zone-brm44hb/magazineluiza/013085601/1147f51713d3c75a2b2808df54190735.jpg]
[wx.mlcdn.com.br/mixer-web/static/v1.67.1/_next/static/chunks/framework-e9a55104781b9fa1.js]
[a-static.mlcdn.com.br/420x420/geladeira-brastemp-frost-free-duplex-375l-branco-com-compartimento-extrafrio-fresh-zone-brm44hb/magazineluiza/013085601/db273d75bf5b6f077373f67d8ca101a3.jpg]
[a-static.mlcdn.com.br/420x420/geladeira-brastemp-frost-free-duplex-375l-branco-com-compartimento-extrafrio-fresh-zone-brm44hb/magazineluiza/013085601/e1edd7738dc48384e4188dc1a705ada4.jpg]
[a-static.mlcdn.com.br/420x420/geladeira-brastemp-frost-free-duplex-375l-branco-com-compartimento-extrafrio-fresh-zone-brm44hb/magazineluiza/013085601/27c269c9afb75fc40261cfd5baa697d2.jpg]
[a-static.mlcdn.com.br/420x420/geladeira-brastemp-frost-free-duplex-375l-branco-com-compartimento-extrafrio-fresh-zone-brm44hb/magazineluiza/013085601/c22f63e2002c2ffbe954a7b3569ec96c.jpg]
[wx.mlcdn.com.br/mixer-web/static/v1.67.1/_next/static/chunks/main-611b0c812691e262.js]
[a-static.mlcdn.com.br/420x420/geladeira-brastemp-frost-free-duplex-375l-branco-com-compartimento-extrafrio-fresh-zone-brm44hb/magazineluiza/013085601/af1bd1f258970c6f9993727be35b3576.jpg]
[a-static.mlcdn.com.br/420x420/geladeira-brastemp-frost-free-duplex-375l-branco-com-compartimento-extrafrio-fresh-zone-brm44hb/magazineluiza/013085601/e1f5661dcfb2b9186e33fe0f3a39d6f4.jpg]
[wx.mlcdn.com.br/mixer-web/static/v1.67.1/_next/static/chunks/pages/_app-d119b53b6f4a73ae.js]
[a-static.mlcdn.com.br/420x420/geladeira-brastemp-frost-free-duplex-375l-branco-com-compartimento-extrafrio-fresh-zone-brm44hb/magazineluiza/013085601/027c908eeaaeb25c1462291c64c542f0.jpg]
[a-static.mlcdn.com.br/420x420/geladeira-brastemp-frost-free-duplex-375l-branco-com-compartimento-extrafrio-fresh-zone-brm44hb/magazineluiza/013085601/5ddb3b3b684c6c15b6c53c8566d3d627.jpg]
[a-static.mlcdn.com.br/420x420/geladeira-brastemp-frost-free-duplex-375l-branco-com-compartimento-extrafrio-fresh-zone-brm44hb/magazineluiza/013085601/54ba093f8147617daf4f72a7f0091bd5.jpg]
[wx.mlcdn.com.br/mixer-web/static/v1.67.1/_next/static/chunks/5cd80cbc-63cf6b2b2b7d68ec.js]
[a-static.mlcdn.com.br/420x420/geladeira-brastemp-frost-free-duplex-375l-branco-com-compartimento-extrafrio-fresh-zone-brm44hb/magazineluiza/013085601/fad0bf2b6ac46c5f5ad2b6a7197886b4.jpg]
[a-static.mlcdn.com.br/420x420/geladeira-brastemp-frost-free-duplex-375l-branco-com-compartimento-extrafrio-fresh-zone-brm44hb/magazineluiza/013085601/f01a908f3263bba0f63ea2cac1a3853b.jpg]
[a-static.mlcdn.com.br/420x420/geladeira-brastemp-frost-free-duplex-375l-branco-com-compartimento-extrafrio-fresh-zone-brm44hb/magazineluiza/013085601/1bc8f26763ef7894158e73c86090f6f8.jpg]
[wx.mlcdn.com.br/mixer-web/static/v1.67.1/_next/static/chunks/9091-9af37e54064aebcf.js]
[a-static.mlcdn.com.br/420x420/geladeira-brastemp-frost-free-duplex-375l-branco-com-compartimento-extrafrio-fresh-zone-brm44hb/magazineluiza/013085601/4f255d871307843f2096ca71020125e1.jpg]
[a-static.mlcdn.com.br/420x420/geladeira-brastemp-frost-free-duplex-375l-branco-com-compartimento-extrafrio-fresh-zone-brm44hb/magazineluiza/013085601/29ebef5c8bfbb53dfe219fc0ca06626a.jpg]
[a-static.mlcdn.com.br/420x420/geladeira-brastemp-frost-free-duplex-375l-branco-com-compartimento-extrafrio-fresh-zone-brm44hb/magazineluiza/013085601/94f61cadc8ce9c65994e54db2b46a206.jpg]
[a-static.mlcdn.com.br/420x420/geladeira-brastemp-frost-free-duplex-375l-branco-com-compartimento-extrafrio-fresh-zone-brm44hb/magazineluiza/013085601/7a3fda6fb87fab7ad85046e31c154549.jpg]
[wx.mlcdn.com.br/mixer-web/static/v1.67.1/_next/static/chunks/6385-6dae6c8bd61608dd.js]
[a-static.mlcdn.com.br/420x420/geladeira-brastemp-frost-free-duplex-375l-branco-com-compartimento-extrafrio-fresh-zone-brm44hb/magazineluiza/013085601/114f8419b8a7f5d11bd2bac4708eb7e9.jpg]
[a-static.mlcdn.com.br/420x420/geladeira-brastemp-frost-free-duplex-375l-branco-com-compartimento-extrafrio-fresh-zone-brm44hb/magazineluiza/013085601/634f876ef1456108871b299ea5c02ddb.jpg]
[a-static.mlcdn.com.br/420x420/geladeira-brastemp-frost-free-duplex-375l-branco-com-compartimento-extrafrio-fresh-zone-brm44hb/magazineluiza/013085601/b588184fb3f861b287f6fc55b68c9781.jpg]
[a-static.mlcdn.com.br/64x64/geladeira-brastemp-frost-free-duplex-375l-branco-com-compartimento-extrafrio-fresh-zone-brm44hb/magazineluiza/013085601/66431db092bbf49753decee67b4cb591.jpg]
[a-static.mlcdn.com.br/48x48/geladeira-brastemp-frost-free-duplex-375l-branco-com-compartimento-extrafrio-fresh-zone-brm44hb/magazineluiza/013085601/66431db092bbf49753decee67b4cb591.jpg]
[wx.mlcdn.com.br/mixer-web/static/v1.67.1/_next/static/chunks/1605-b319d0d8c335ec0f.js]
[wx.mlcdn.com.br/mixer-web/static/v1.67.1/_next/static/chunks/8670-4180ef746c76c239.js]
[wx.mlcdn.com.br/mixer-web/static/v1.67.1/_next/static/chunks/6954-49b54b4bf11f8397.js]
[wx.mlcdn.com.br/mixer-web/static/v1.67.1/_next/static/chunks/3226-2c56d2fe4b492f03.js]
[a-static.mlcdn.com.br/800x800/geladeira-brastemp-frost-free-duplex-375l-branco-com-compartimento-extrafrio-fresh-zone-brm44hb/magazineluiza/013085601/856fe127d34d7931f7b11766c729d44b.jpg]
[wx.mlcdn.com.br/mixer-web/static/v1.67.1/_next/static/chunks/7713-2d2d3a841018ee8d.js]
[a-static.mlcdn.com.br/800x800/geladeira-brastemp-frost-free-duplex-375l-branco-com-compartimento-extrafrio-fresh-zone-brm44hb/magazineluiza/013085601/1147f51713d3c75a2b2808df54190735.jpg]
[a-static.mlcdn.com.br/800x800/geladeira-brastemp-frost-free-duplex-375l-branco-com-compartimento-extrafrio-fresh-zone-brm44hb/magazineluiza/013085601/db273d75bf5b6f077373f67d8ca101a3.jpg]
[wx.mlcdn.com.br/mixer-web/static/v1.67.1/_next/static/chunks/8145-f522fdd211f80cbe.js]
[a-static.mlcdn.com.br/800x800/geladeira-brastemp-frost-free-duplex-375l-branco-com-compartimento-extrafrio-fresh-zone-brm44hb/magazineluiza/013085601/e1edd7738dc48384e4188dc1a705ada4.jpg]
[a-static.mlcdn.com.br/800x800/geladeira-brastemp-frost-free-duplex-375l-branco-com-compartimento-extrafrio-fresh-zone-brm44hb/magazineluiza/013085601/27c269c9afb75fc40261cfd5baa697d2.jpg]
[wx.mlcdn.com.br/mixer-web/static/v1.67.1/_next/static/chunks/3808-1c6299296b2f9a11.js]
[a-static.mlcdn.com.br/800x800/geladeira-brastemp-frost-free-duplex-375l-branco-com-compartimento-extrafrio-fresh-zone-brm44hb/magazineluiza/013085601/c22f63e2002c2ffbe954a7b3569ec96c.jpg]
[a-static.mlcdn.com.br/800x800/geladeira-brastemp-frost-free-duplex-375l-branco-com-compartimento-extrafrio-fresh-zone-brm44hb/magazineluiza/013085601/af1bd1f258970c6f9993727be35b3576.jpg]
[a-static.mlcdn.com.br/800x800/geladeira-brastemp-frost-free-duplex-375l-branco-com-compartimento-extrafrio-fresh-zone-brm44hb/magazineluiza/013085601/e1f5661dcfb2b9186e33fe0f3a39d6f4.jpg]
[wx.mlcdn.com.br/mixer-web/static/v1.67.1/_next/static/chunks/9757-401253e11ddb3ad6.js]
[a-static.mlcdn.com.br/800x800/geladeira-brastemp-frost-free-duplex-375l-branco-com-compartimento-extrafrio-fresh-zone-brm44hb/magazineluiza/013085601/027c908eeaaeb25c1462291c64c542f0.jpg]
[a-static.mlcdn.com.br/800x800/geladeira-brastemp-frost-free-duplex-375l-branco-com-compartimento-extrafrio-fresh-zone-brm44hb/magazineluiza/013085601/5ddb3b3b684c6c15b6c53c8566d3d627.jpg]
[wx.mlcdn.com.br/mixer-web/static/v1.67.1/_next/static/chunks/7576-9c29ff95d028bfaf.js]
[a-static.mlcdn.com.br/800x800/geladeira-brastemp-frost-free-duplex-375l-branco-com-compartimento-extrafrio-fresh-zone-brm44hb/magazineluiza/013085601/54ba093f8147617daf4f72a7f0091bd5.jpg]
[a-static.mlcdn.com.br/800x800/geladeira-brastemp-frost-free-duplex-375l-branco-com-compartimento-extrafrio-fresh-zone-brm44hb/magazineluiza/013085601/fad0bf2b6ac46c5f5ad2b6a7197886b4.jpg]
[wx.mlcdn.com.br/mixer-web/static/v1.67.1/_next/static/chunks/9881-2a44dfe3f98afb3d.js]
[a-static.mlcdn.com.br/800x800/geladeira-brastemp-frost-free-duplex-375l-branco-com-compartimento-extrafrio-fresh-zone-brm44hb/magazineluiza/013085601/f01a908f3263bba0f63ea2cac1a3853b.jpg]
[a-static.mlcdn.com.br/800x800/geladeira-brastemp-frost-free-duplex-375l-branco-com-compartimento-extrafrio-fresh-zone-brm44hb/magazineluiza/013085601/1bc8f26763ef7894158e73c86090f6f8.jpg]
[a-static.mlcdn.com.br/800x800/geladeira-brastemp-frost-free-duplex-375l-branco-com-compartimento-extrafrio-fresh-zone-brm44hb/magazineluiza/013085601/4f255d871307843f2096ca71020125e1.jpg]
[a-static.mlcdn.com.br/800x800/geladeira-brastemp-frost-free-duplex-375l-branco-com-compartimento-extrafrio-fresh-zone-brm44hb/magazineluiza/013085601/29ebef5c8bfbb53dfe219fc0ca06626a.jpg]
[wx.mlcdn.com.br/mixer-web/static/v1.67.1/_next/static/chunks/6199-90e6880eecbf6756.js]
[wx.mlcdn.com.br/mixer-web/static/v1.67.1/_next/static/chunks/474-265b0b7a7b1ac650.js]
[wx.mlcdn.com.br/mixer-web/static/v1.67.1/_next/static/chunks/1990-d82b7c2eeb70ebd9.js]
[wx.mlcdn.com.br/mixer-web/static/v1.67.1/_next/static/chunks/pages/[path0]/p/[path2]/[path3]/[path4]-4b31154498b787c9.js]
[a-static.mlcdn.com.br/800x800/geladeira-brastemp-frost-free-duplex-375l-branco-com-compartimento-extrafrio-fresh-zone-brm44hb/magazineluiza/013085601/94f61cadc8ce9c65994e54db2b46a206.jpg]
[wx.mlcdn.com.br/mixer-web/static/v1.67.1/_next/static/fLDl1ye7nvTCxVCpH7OUo/_buildManifest.js]
[a-static.mlcdn.com.br/800x800/geladeira-brastemp-frost-free-duplex-375l-branco-com-compartimento-extrafrio-fresh-zone-brm44hb/magazineluiza/013085601/7a3fda6fb87fab7ad85046e31c154549.jpg]
[a-static.mlcdn.com.br/800x800/geladeira-brastemp-frost-free-duplex-375l-branco-com-compartimento-extrafrio-fresh-zone-brm44hb/magazineluiza/013085601/114f8419b8a7f5d11bd2bac4708eb7e9.jpg]
[wx.mlcdn.com.br/mixer-web/static/v1.67.1/_next/static/fLDl1ye7nvTCxVCpH7OUo/_ssgManifest.js]
[a-static.mlcdn.com.br/800x800/geladeira-brastemp-frost-free-duplex-375l-branco-com-compartimento-extrafrio-fresh-zone-brm44hb/magazineluiza/013085601/634f876ef1456108871b299ea5c02ddb.jpg]
[m.magazineluiza.com.br/geladeira-brastemp-frost-free-duplex-375l-branco-com-compartimento-extrafrio-fresh-zone-brm44hb/p/013085601/ed/ref2/index.html]
[wx.mlcdn.com.br/site/shared/sellers/third-partyaf33.png]
[wx.mlcdn.com.br/site/shared/lu-content/lu-explains1353.png]
[i.mlcdn.com.br/selo-ml/64x48/ff48af16-97c3-11ef-9d17-1ec3e500524d.png]
[wx.mlcdn.com.br/site/shared/lu-content/logo-lu-explain190a.png]
[wx.mlcdn.com.br/ponzi/production/uploads/1_9bde080bc369dc.jpg]
[wx.mlcdn.com.br/ponzi/production/uploads/1_6b2d3ee69d69dc.jpg]
[wx.mlcdn.com.br/ponzi/production/uploads/1_7361cfff0c69dc.jpg]
[m.magazineluiza.com.br/geladeira-brastemp-frost-free-duplex-375l-branc/p/013085601/ed/ref2/Preços e condições de pagamento exclusivos para/A - CNPJ_ 47.960.950/1088-36,Rua Arnulfo de Lima, 2385 -/formulariocontato,® Mag]
